                              1 ;;; gcc for m6809 : Mar 17 2019 13:25:32
                              2 ;;; 4.3.6 (gcc6809)
                              3 ;;; ABI version 1
                              4 ;;; -mabi=bx -mint8 -fomit-frame-pointer -O2
                              5 	.module	vec_rum_06_13_Xform_Rise.c
                              6 	.area	.text
                              7 	.globl	__Xform_Rise
   0000                       8 __Xform_Rise:
                              9 ;----- asm -----
                             10 ; 53 "source\vec_rum_06_13_Xform_Rise.c" 1
   0000 BD 00 00      [ 8]   11 	jsr ___Xform_Rise; BIOS call
   0003 1F 89         [ 6]   12 	tfr a,b
                             13 ;--- end asm ---
   0005 39            [ 5]   14 	rts
ASxxxx Assembler V05.31  (Motorola 6809)                                Page 1
Hexadecimal [16-Bits]                                 Thu Nov 16 12:23:22 2023

Symbol Table

    .__.$$$.       =   2710 L   |     .__.ABS.       =   0000 G
    .__.CPU.       =   0000 L   |     .__.H$L.       =   0001 L
  2 __Xform_Rise       0000 GR  |     ___Xform_Rise      **** GX

ASxxxx Assembler V05.31  (Motorola 6809)                                Page 2
Hexadecimal [16-Bits]                                 Thu Nov 16 12:23:22 2023

Area Table

[_CSEG]
   0 _CODE            size    0   flags C080
   2 .text            size    6   flags  100
[_DSEG]
   1 _DATA            size    0   flags C0C0

